// Jest Snapshot v1, https://goo.gl/fbAQLP

exports[`<Characters/> Characters: renders correctly 1`] = `
<div>
  <NavBar
    handleQuery={[Function]}
  />
  <styled.div>
    <ModalCharacterInfo
      character=""
      onClose={[Function]}
    />
  </styled.div>
  <h4
    style={
      Object {
        "textAlign": "center",
      }
    }
  >
    There has been an error with the query
  </h4>
</div>
`;
